[backblue.gif]
[fade.gif]
[index.html]
[html.iwthemes.com/coopbank/img/icons/favicon.ico]
[html.iwthemes.com/coopbank/img/icons/apple-touch-icon.png]
[html.iwthemes.com/coopbank/img/icons/apple-touch-icon-72x72.png]
[html.iwthemes.com/coopbank/img/icons/apple-touch-icon-114x114.png]
[html.iwthemes.com/coopbank/js/libs/modernizr.js]
[html.iwthemes.com/coopbank/img/img-theme/img-dropdown-bg.png]
[html.iwthemes.com/coopbank/img/slide/slide-02.jpg]
[html.iwthemes.com/coopbank/img/slide/slide-03.jpg]
[html.iwthemes.com/coopbank/img/slide/slide-01.jpg]
[html.iwthemes.com/coopbank/img/slide/slide-04.jpg]
[html.iwthemes.com/coopbank/img/clients-downloads/1.jpg]
[html.iwthemes.com/coopbank/img/clients-downloads/2.jpg]
[html.iwthemes.com/coopbank/img/clients-downloads/3.jpg]
[html.iwthemes.com/coopbank/img/clients-downloads/4.jpg]
[html.iwthemes.com/coopbank/img/clients-downloads/5.jpg]
[html.iwthemes.com/coopbank/img/clients-downloads/6.jpg]
[html.iwthemes.com/coopbank/img/clients-downloads/7.jpg]
[html.iwthemes.com/coopbank/img/clients-downloads/8.jpg]
[html.iwthemes.com/coopbank/img/blog-img/thumbs/1.jpg]
[html.iwthemes.com/coopbank/img/blog-img/thumbs/2.jpg]
[html.iwthemes.com/coopbank/img/blog-img/thumbs/3.jpg]
[html.iwthemes.com/coopbank/img/sponsors/1.png]
[html.iwthemes.com/coopbank/img/sponsors/2.png]
[html.iwthemes.com/coopbank/img/sponsors/3.png]
[html.iwthemes.com/coopbank/img/sponsors/4.png]
[html.iwthemes.com/coopbank/img/sponsors/5.png]
[html.iwthemes.com/coopbank/img/sponsors/6.png]
[html.iwthemes.com/coopbank/img/sponsors/7.png]
[html.iwthemes.com/coopbank/img/sponsors/8.png]
[html.iwthemes.com/coopbank/js/libs/jquery.js]
[html.iwthemes.com/coopbank/js/libs/jquery-ui.1.10.4.min.js]
[html.iwthemes.com/coopbank/js/totop/jquery.ui.totop.js]
[html.iwthemes.com/coopbank/js/rs-plugin/js/jquery.themepunch.tools.min.js]
[html.iwthemes.com/coopbank/js/rs-plugin/js/jquery.themepunch.revolution.min.js]
[html.iwthemes.com/coopbank/js/maps/gmap3.js]
[html.iwthemes.com/coopbank/js/fancybox/jquery.fancybox.js]
[html.iwthemes.com/coopbank/js/carousel/owl.carousel.min.js]
[html.iwthemes.com/coopbank/js/filters/jquery.isotope.js]
[html.iwthemes.com/coopbank/js/parallax/parallax.min.js]
[html.iwthemes.com/coopbank/js/theme-options/theme-options.js]
[html.iwthemes.com/coopbank/js/theme-options/jquery.cookies.js]
[html.iwthemes.com/coopbank/js/bootstrap/bootstrap.js]
[html.iwthemes.com/coopbank/js/bootstrap/bootstrap-slider.js]
[html.iwthemes.com/coopbank/js/main.js]
[html.iwthemes.com/coopbank/index-bank-2.html]
[html.iwthemes.com/coopbank/img/bg-header/1.png]
[html.iwthemes.com/coopbank/img/bg-header/2.png]
[html.iwthemes.com/coopbank/img/bg-header/3.png]
[html.iwthemes.com/coopbank/img/parallax-img/world-map-bg.png]
[html.iwthemes.com/coopbank/img/img-theme/preloader.gif]
[html.iwthemes.com/coopbank/img/img-theme/ui.totop.png]
[html.iwthemes.com/coopbank/img/img-theme/line_tree1.gif]
[html.iwthemes.com/coopbank/img/img-theme/line_tree2.gif]
[html.iwthemes.com/coopbank/img/img-theme/plan-shadow.png]
[html.iwthemes.com/coopbank/css/style.css]
[html.iwthemes.com/coopbank/css/theme-responsive.css]
[html.iwthemes.com/coopbank/index-bank-20e99.html]
[html.iwthemes.com/coopbank/index-bank-2ca00.html]
[html.iwthemes.com/coopbank/index-bank-22746.html]
[html.iwthemes.com/coopbank/index-bank-2af91.html]
[html.iwthemes.com/coopbank/index-bank-2ceb0.html]
[html.iwthemes.com/coopbank/index-bank-2938c.html]
[html.iwthemes.com/coopbank/index-bank-2a820.html]
[html.iwthemes.com/coopbank/index-bank-26788.html]
[html.iwthemes.com/coopbank/index.html]
[html.iwthemes.com/coopbank/img/gallery/1.jpg]
[html.iwthemes.com/coopbank/template-register-area.html]
[html.iwthemes.com/coopbank/index-bank-3.html]
[html.iwthemes.com/coopbank/img/testimonials/1.jpg]
[html.iwthemes.com/coopbank/img/testimonials/2.jpg]
[html.iwthemes.com/coopbank/img/testimonials/3.jpg]
[html.iwthemes.com/coopbank/img/testimonials/4.jpg]
[html.iwthemes.com/coopbank/index-cooperative-1.html]
[html.iwthemes.com/coopbank/index-cooperative-2.html]
[html.iwthemes.com/coopbank/img/gallery/3.jpg]
[html.iwthemes.com/coopbank/index-cooperative-3.html]
[html.iwthemes.com/coopbank/img/team/1.jpg]
[html.iwthemes.com/coopbank/img/country/london.png]
[html.iwthemes.com/coopbank/img/team/2.jpg]
[html.iwthemes.com/coopbank/img/country/au.png]
[html.iwthemes.com/coopbank/img/team/3.jpg]
[html.iwthemes.com/coopbank/img/country/us.png]
[html.iwthemes.com/coopbank/img/team/4.jpg]
[html.iwthemes.com/coopbank/index-employee-1.html]
[html.iwthemes.com/coopbank/index-employee-2.html]
[html.iwthemes.com/coopbank/img/gallery/2.jpg]
[html.iwthemes.com/coopbank/img/gallery/4.jpg]
[html.iwthemes.com/coopbank/img/gallery/5.jpg]
[html.iwthemes.com/coopbank/index-employee-3.html]
[html.iwthemes.com/coopbank/template-about.html]
[html.iwthemes.com/coopbank/img/women-head.png]
[html.iwthemes.com/coopbank/template-history.html]
[html.iwthemes.com/coopbank/template-events.html]
[html.iwthemes.com/coopbank/img/gallery/6.jpg]
[html.iwthemes.com/coopbank/template-gallery-2.html]
[html.iwthemes.com/coopbank/template-gallery-3.html]
[html.iwthemes.com/coopbank/img/gallery/7.jpg]
[html.iwthemes.com/coopbank/template-gallery-4.html]
[html.iwthemes.com/coopbank/template-services-options.html]
[html.iwthemes.com/coopbank/template-credit-simulator.html]
[html.iwthemes.com/coopbank/img/young-men.png]
[html.iwthemes.com/coopbank/template-user-area.html]
[html.iwthemes.com/coopbank/template-archives-download.html]
[html.iwthemes.com/coopbank/template-agreement-area.html]
[html.iwthemes.com/coopbank/template-accounts.html]
[html.iwthemes.com/coopbank/template-credits.html]
[html.iwthemes.com/coopbank/template-inversions.html]
[html.iwthemes.com/coopbank/img/blog-img/1.jpg]
[html.iwthemes.com/coopbank/img/blog-img/2.jpg]
[html.iwthemes.com/coopbank/template-news.html]
[html.iwthemes.com/coopbank/template-princing-tables.html]
[html.iwthemes.com/coopbank/template-blog-right.html]
[html.iwthemes.com/coopbank/template-blog-left.html]
[html.iwthemes.com/coopbank/template-blog-full.html]
[html.iwthemes.com/coopbank/template-blog-single.html]
[html.iwthemes.com/coopbank/template-404.html]
[html.iwthemes.com/coopbank/template-full-widht.html]
[html.iwthemes.com/coopbank/template-sidebar.html]
[html.iwthemes.com/coopbank/template-site-map.html]
[html.iwthemes.com/coopbank/img/parallax-img/parallax-04.jpg]
[html.iwthemes.com/coopbank/img/video/video.mp4]
[html.iwthemes.com/coopbank/img/video/video.webm]
[html.iwthemes.com/coopbank/template-bg-sections.html]
[html.iwthemes.com/coopbank/template-grid.html]
[html.iwthemes.com/coopbank/template-typograpy.html]
[html.iwthemes.com/coopbank/template-icons.html]
[html.iwthemes.com/coopbank/template-contact.html]
[html.iwthemes.com/coopbank/css/fonts/glyphicons-halflings-regular.eot]
[html.iwthemes.com/coopbank/css/fonts/glyphicons-halflings-regular.woff2]
[html.iwthemes.com/coopbank/css/fonts/glyphicons-halflings-regular.woff]
[html.iwthemes.com/coopbank/css/fonts/glyphicons-halflings-regulard41d.eot]
[html.iwthemes.com/coopbank/css/fonts/glyphicons-halflings-regular.ttf]
[html.iwthemes.com/coopbank/css/bootstrap/bootstrap.css]
[html.iwthemes.com/coopbank/css/bootstrap/bootstrap-theme.css]
[html.iwthemes.com/coopbank/js/fancybox/fancybox_sprite.png]
[html.iwthemes.com/coopbank/js/fancybox/fancybox_loading.gif]
[html.iwthemes.com/coopbank/js/fancybox/blank.gif]
[html.iwthemes.com/coopbank/js/fancybox/fancybox_overlay.png]
[html.iwthemes.com/coopbank/js/fancybox/fancybox_sprite@2x.png]
[html.iwthemes.com/coopbank/js/fancybox/fancybox_loading@2x.gif]
[html.iwthemes.com/coopbank/js/fancybox/jquery.fancybox.css]
[html.iwthemes.com/coopbank/img/bg-theme/none.jpg]
[html.iwthemes.com/coopbank/img/bg-theme/1.png]
[html.iwthemes.com/coopbank/img/bg-theme/2.png]
[html.iwthemes.com/coopbank/img/bg-theme/3.png]
[html.iwthemes.com/coopbank/img/bg-theme/4.png]
[html.iwthemes.com/coopbank/img/bg-theme/5.png]
[html.iwthemes.com/coopbank/img/bg-theme/6.png]
[html.iwthemes.com/coopbank/img/bg-theme/7.png]
[html.iwthemes.com/coopbank/img/bg-theme/8.png]
[html.iwthemes.com/coopbank/img/bg-theme/9.png]
[html.iwthemes.com/coopbank/img/bg-theme/10.png]
[html.iwthemes.com/coopbank/img/bg-theme/11.png]
[html.iwthemes.com/coopbank/img/bg-theme/12.png]
[html.iwthemes.com/coopbank/img/bg-theme/13.png]
[html.iwthemes.com/coopbank/img/bg-theme/14.png]
[html.iwthemes.com/coopbank/img/bg-theme/15.png]
[html.iwthemes.com/coopbank/img/bg-theme/16.png]
[html.iwthemes.com/coopbank/img/bg-theme/17.png]
[html.iwthemes.com/coopbank/img/bg-theme/18.png]
[html.iwthemes.com/coopbank/img/bg-theme/19.png]
[html.iwthemes.com/coopbank/img/bg-theme/20.png]
[html.iwthemes.com/coopbank/img/bg-theme/21.png]
[html.iwthemes.com/coopbank/img/bg-theme/22.png]
[html.iwthemes.com/coopbank/img/bg-theme/23.png]
[html.iwthemes.com/coopbank/img/bg-theme/24.png]
[html.iwthemes.com/coopbank/img/bg-theme/25.png]
[html.iwthemes.com/coopbank/img/bg-theme/26.png]
[html.iwthemes.com/coopbank/img/img-theme/theme-options.png]
[html.iwthemes.com/coopbank/css/skins/theme-options.css]
[html.iwthemes.com/coopbank/css/animations/animate.css]
[html.iwthemes.com/coopbank/css/carousel/owl.carousel.css]
[html.iwthemes.com/coopbank/css/carousel/AjaxLoader.gif]
[html.iwthemes.com/coopbank/css/carousel/owl.theme.css]
[html.iwthemes.com/coopbank/css/fonts/fontawesome-webfont93e3.eot]
[html.iwthemes.com/coopbank/css/fonts/fontawesome-webfontd41d.eot]
[html.iwthemes.com/coopbank/css/fonts/fontawesome-webfont93e3.woff2]
[html.iwthemes.com/coopbank/css/fonts/fontawesome-webfont93e3.woff]
[html.iwthemes.com/coopbank/css/fonts/fontawesome-webfont93e3.ttf]
[html.iwthemes.com/coopbank/css/icons/font-awesome.min.css]
[html.iwthemes.com/coopbank/css/forms/forms.css]
[html.iwthemes.com/coopbank/css/slide/revolution.css]
[html.iwthemes.com/coopbank/css/slide/extralayers.css]
[html.iwthemes.com/coopbank/js/rs-plugin/images/gradient/g30.png]
[html.iwthemes.com/coopbank/js/rs-plugin/images/gradient/g40.png]
[html.iwthemes.com/coopbank/js/rs-plugin/assets/shadow1.png]
[html.iwthemes.com/coopbank/js/rs-plugin/assets/shadow2.png]
[html.iwthemes.com/coopbank/js/rs-plugin/assets/shadow3.png]
[html.iwthemes.com/coopbank/js/rs-plugin/assets/gridtile.png]
[html.iwthemes.com/coopbank/js/rs-plugin/assets/gridtile_white.png]
[html.iwthemes.com/coopbank/js/rs-plugin/assets/gridtile_3x3.png]
[html.iwthemes.com/coopbank/js/rs-plugin/assets/gridtile_3x3_white.png]
[html.iwthemes.com/coopbank/js/rs-plugin/assets/boxed_bgtile.png]
[html.iwthemes.com/coopbank/js/rs-plugin/assets/navigdots_bgtile.png]
[html.iwthemes.com/coopbank/js/rs-plugin/assets/bullet.png]
[html.iwthemes.com/coopbank/js/rs-plugin/assets/bullets.png]
[html.iwthemes.com/coopbank/js/rs-plugin/assets/bullets2.png]
[html.iwthemes.com/coopbank/js/rs-plugin/assets/bullet_boxed.png]
[html.iwthemes.com/coopbank/js/rs-plugin/assets/navigdots.png]
[html.iwthemes.com/coopbank/js/rs-plugin/assets/large_left.png]
[html.iwthemes.com/coopbank/js/rs-plugin/assets/large_right.png]
[html.iwthemes.com/coopbank/js/rs-plugin/assets/small_left.png]
[html.iwthemes.com/coopbank/js/rs-plugin/assets/small_right.png]
[html.iwthemes.com/coopbank/js/rs-plugin/assets/arrow_left.png]
[html.iwthemes.com/coopbank/js/rs-plugin/assets/arrow_right.png]
[html.iwthemes.com/coopbank/js/rs-plugin/assets/small_left_boxed.png]
[html.iwthemes.com/coopbank/js/rs-plugin/assets/small_right_boxed.png]
[html.iwthemes.com/coopbank/js/rs-plugin/assets/arrowleft.png]
[html.iwthemes.com/coopbank/js/rs-plugin/assets/arrowright.png]
[html.iwthemes.com/coopbank/js/rs-plugin/assets/arrow_left2.png]
[html.iwthemes.com/coopbank/js/rs-plugin/assets/arrow_right2.png]
[html.iwthemes.com/coopbank/js/rs-plugin/assets/timer.png]
[html.iwthemes.com/coopbank/js/rs-plugin/assets/coloredbg.png]
[html.iwthemes.com/coopbank/js/rs-plugin/assets/loader.gif]
[html.iwthemes.com/coopbank/js/rs-plugin/font/revicons90c6.eot]
[html.iwthemes.com/coopbank/js/rs-plugin/font/revicons90c6.woff]
[html.iwthemes.com/coopbank/js/rs-plugin/font/revicons90c6.ttf]
[html.iwthemes.com/coopbank/js/rs-plugin/css/settings.css]
[html.iwthemes.com/coopbank/index0e99.html]
[html.iwthemes.com/coopbank/indexca00.html]
[html.iwthemes.com/coopbank/index2746.html]
[html.iwthemes.com/coopbank/indexaf91.html]
[html.iwthemes.com/coopbank/indexceb0.html]
[html.iwthemes.com/coopbank/index938c.html]
[html.iwthemes.com/coopbank/indexa820.html]
[html.iwthemes.com/coopbank/index6788.html]
[html.iwthemes.com/coopbank/template-register-area0e99.html]
[html.iwthemes.com/coopbank/template-register-areaca00.html]
[html.iwthemes.com/coopbank/template-register-area2746.html]
[html.iwthemes.com/coopbank/template-register-areaaf91.html]
[html.iwthemes.com/coopbank/template-register-areaceb0.html]
[html.iwthemes.com/coopbank/template-register-area938c.html]
[html.iwthemes.com/coopbank/template-register-areaa820.html]
[html.iwthemes.com/coopbank/template-register-area6788.html]
[html.iwthemes.com/coopbank/index-bank-30e99.html]
[html.iwthemes.com/coopbank/index-bank-3ca00.html]
[html.iwthemes.com/coopbank/index-bank-32746.html]
[html.iwthemes.com/coopbank/index-bank-3af91.html]
[html.iwthemes.com/coopbank/index-bank-3ceb0.html]
[html.iwthemes.com/coopbank/index-bank-3938c.html]
[html.iwthemes.com/coopbank/index-bank-3a820.html]
[html.iwthemes.com/coopbank/index-bank-36788.html]
[html.iwthemes.com/coopbank/index-cooperative-10e99.html]
[html.iwthemes.com/coopbank/index-cooperative-1ca00.html]
[html.iwthemes.com/coopbank/index-cooperative-12746.html]
[html.iwthemes.com/coopbank/index-cooperative-1af91.html]
[html.iwthemes.com/coopbank/index-cooperative-1ceb0.html]
[html.iwthemes.com/coopbank/index-cooperative-1938c.html]
[html.iwthemes.com/coopbank/index-cooperative-1a820.html]
[html.iwthemes.com/coopbank/index-cooperative-16788.html]
[html.iwthemes.com/coopbank/index-cooperative-20e99.html]
[html.iwthemes.com/coopbank/index-cooperative-2ca00.html]
[html.iwthemes.com/coopbank/index-cooperative-22746.html]
[html.iwthemes.com/coopbank/index-cooperative-2af91.html]
[html.iwthemes.com/coopbank/index-cooperative-2ceb0.html]
[html.iwthemes.com/coopbank/index-cooperative-2938c.html]
[html.iwthemes.com/coopbank/index-cooperative-2a820.html]
[html.iwthemes.com/coopbank/index-cooperative-26788.html]
[html.iwthemes.com/coopbank/index-cooperative-30e99.html]
[html.iwthemes.com/coopbank/index-cooperative-3ca00.html]
[html.iwthemes.com/coopbank/index-cooperative-32746.html]
[html.iwthemes.com/coopbank/index-cooperative-3af91.html]
[html.iwthemes.com/coopbank/index-cooperative-3ceb0.html]
[html.iwthemes.com/coopbank/index-cooperative-3938c.html]
[html.iwthemes.com/coopbank/index-cooperative-3a820.html]
[html.iwthemes.com/coopbank/index-cooperative-36788.html]
[html.iwthemes.com/coopbank/index-employee-10e99.html]
[html.iwthemes.com/coopbank/index-employee-1ca00.html]
[html.iwthemes.com/coopbank/index-employee-12746.html]
[html.iwthemes.com/coopbank/index-employee-1af91.html]
[html.iwthemes.com/coopbank/index-employee-1ceb0.html]
[html.iwthemes.com/coopbank/index-employee-1938c.html]
[html.iwthemes.com/coopbank/index-employee-1a820.html]
[html.iwthemes.com/coopbank/index-employee-16788.html]
[html.iwthemes.com/coopbank/index-employee-20e99.html]
[html.iwthemes.com/coopbank/index-employee-2ca00.html]
[html.iwthemes.com/coopbank/index-employee-22746.html]
[html.iwthemes.com/coopbank/index-employee-2af91.html]
[html.iwthemes.com/coopbank/index-employee-2ceb0.html]
[html.iwthemes.com/coopbank/index-employee-2938c.html]
[html.iwthemes.com/coopbank/index-employee-2a820.html]
[html.iwthemes.com/coopbank/index-employee-26788.html]
[html.iwthemes.com/coopbank/index-employee-30e99.html]
[html.iwthemes.com/coopbank/index-employee-3ca00.html]
[html.iwthemes.com/coopbank/index-employee-32746.html]
[html.iwthemes.com/coopbank/index-employee-3af91.html]
[html.iwthemes.com/coopbank/index-employee-3ceb0.html]
[html.iwthemes.com/coopbank/index-employee-3938c.html]
[html.iwthemes.com/coopbank/index-employee-3a820.html]
[html.iwthemes.com/coopbank/index-employee-36788.html]
[html.iwthemes.com/coopbank/template-about0e99.html]
[html.iwthemes.com/coopbank/template-aboutca00.html]
[html.iwthemes.com/coopbank/template-about2746.html]
[html.iwthemes.com/coopbank/template-aboutaf91.html]
[html.iwthemes.com/coopbank/template-aboutceb0.html]
[html.iwthemes.com/coopbank/template-about938c.html]
[html.iwthemes.com/coopbank/template-abouta820.html]
[html.iwthemes.com/coopbank/template-about6788.html]
[html.iwthemes.com/coopbank/template-history0e99.html]
[html.iwthemes.com/coopbank/template-historyca00.html]
[html.iwthemes.com/coopbank/template-history2746.html]
[html.iwthemes.com/coopbank/template-historyaf91.html]
[html.iwthemes.com/coopbank/template-historyceb0.html]
[html.iwthemes.com/coopbank/template-history938c.html]
[html.iwthemes.com/coopbank/template-historya820.html]
[html.iwthemes.com/coopbank/template-history6788.html]
[html.iwthemes.com/coopbank/template-events0e99.html]
[html.iwthemes.com/coopbank/template-eventsca00.html]
[html.iwthemes.com/coopbank/template-events2746.html]
[html.iwthemes.com/coopbank/template-eventsaf91.html]
[html.iwthemes.com/coopbank/template-eventsceb0.html]
[html.iwthemes.com/coopbank/template-events938c.html]
[html.iwthemes.com/coopbank/template-eventsa820.html]
[html.iwthemes.com/coopbank/template-events6788.html]
[html.iwthemes.com/coopbank/template-gallery-20e99.html]
[html.iwthemes.com/coopbank/template-gallery-2ca00.html]
[html.iwthemes.com/coopbank/template-gallery-22746.html]
[html.iwthemes.com/coopbank/template-gallery-2af91.html]
[html.iwthemes.com/coopbank/template-gallery-2ceb0.html]
[html.iwthemes.com/coopbank/template-gallery-2938c.html]
[html.iwthemes.com/coopbank/template-gallery-2a820.html]
[html.iwthemes.com/coopbank/template-gallery-26788.html]
[html.iwthemes.com/coopbank/template-gallery-30e99.html]
[html.iwthemes.com/coopbank/template-gallery-3ca00.html]
[html.iwthemes.com/coopbank/template-gallery-32746.html]
[html.iwthemes.com/coopbank/template-gallery-3af91.html]
[html.iwthemes.com/coopbank/template-gallery-3ceb0.html]
[html.iwthemes.com/coopbank/template-gallery-3938c.html]
[html.iwthemes.com/coopbank/template-gallery-3a820.html]
[html.iwthemes.com/coopbank/template-gallery-36788.html]
[html.iwthemes.com/coopbank/template-gallery-40e99.html]
[html.iwthemes.com/coopbank/template-gallery-4ca00.html]
[html.iwthemes.com/coopbank/template-gallery-42746.html]
[html.iwthemes.com/coopbank/template-gallery-4af91.html]
[html.iwthemes.com/coopbank/template-gallery-4ceb0.html]
[html.iwthemes.com/coopbank/template-gallery-4938c.html]
[html.iwthemes.com/coopbank/template-gallery-4a820.html]
[html.iwthemes.com/coopbank/template-gallery-46788.html]
[html.iwthemes.com/coopbank/template-services-options0e99.html]
[html.iwthemes.com/coopbank/template-services-optionsca00.html]
[html.iwthemes.com/coopbank/template-services-options2746.html]
[html.iwthemes.com/coopbank/template-services-optionsaf91.html]
[html.iwthemes.com/coopbank/template-services-optionsceb0.html]
[html.iwthemes.com/coopbank/template-services-options938c.html]
[html.iwthemes.com/coopbank/template-services-optionsa820.html]
[html.iwthemes.com/coopbank/template-services-options6788.html]
[html.iwthemes.com/coopbank/template-credit-simulator0e99.html]
[html.iwthemes.com/coopbank/template-credit-simulatorca00.html]
[html.iwthemes.com/coopbank/template-credit-simulator2746.html]
[html.iwthemes.com/coopbank/template-credit-simulatoraf91.html]
[html.iwthemes.com/coopbank/template-credit-simulatorceb0.html]
[html.iwthemes.com/coopbank/template-credit-simulator938c.html]
[html.iwthemes.com/coopbank/template-credit-simulatora820.html]
[html.iwthemes.com/coopbank/template-credit-simulator6788.html]
[html.iwthemes.com/coopbank/template-user-area0e99.html]
[html.iwthemes.com/coopbank/template-user-areaca00.html]
[html.iwthemes.com/coopbank/template-user-area2746.html]
[html.iwthemes.com/coopbank/template-user-areaaf91.html]
[html.iwthemes.com/coopbank/template-user-areaceb0.html]
[html.iwthemes.com/coopbank/template-user-area938c.html]
[html.iwthemes.com/coopbank/template-user-areaa820.html]
[html.iwthemes.com/coopbank/template-user-area6788.html]
[html.iwthemes.com/coopbank/template-archives-download0e99.html]
[html.iwthemes.com/coopbank/template-archives-downloadca00.html]
[html.iwthemes.com/coopbank/template-archives-download2746.html]
[html.iwthemes.com/coopbank/template-archives-downloadaf91.html]
[html.iwthemes.com/coopbank/template-archives-downloadceb0.html]
[html.iwthemes.com/coopbank/template-archives-download938c.html]
[html.iwthemes.com/coopbank/template-archives-downloada820.html]
[html.iwthemes.com/coopbank/template-archives-download6788.html]
[html.iwthemes.com/coopbank/template-agreement-area0e99.html]
[html.iwthemes.com/coopbank/template-agreement-areaca00.html]
[html.iwthemes.com/coopbank/template-agreement-area2746.html]
[html.iwthemes.com/coopbank/template-agreement-areaaf91.html]
[html.iwthemes.com/coopbank/template-agreement-areaceb0.html]
[html.iwthemes.com/coopbank/template-agreement-area938c.html]
[html.iwthemes.com/coopbank/template-agreement-areaa820.html]
[html.iwthemes.com/coopbank/template-agreement-area6788.html]
[html.iwthemes.com/coopbank/template-accounts0e99.html]
[html.iwthemes.com/coopbank/template-accountsca00.html]
[html.iwthemes.com/coopbank/template-accounts2746.html]
[html.iwthemes.com/coopbank/template-accountsaf91.html]
[html.iwthemes.com/coopbank/template-accountsceb0.html]
[html.iwthemes.com/coopbank/template-accounts938c.html]
[html.iwthemes.com/coopbank/template-accountsa820.html]
[html.iwthemes.com/coopbank/template-accounts6788.html]
[html.iwthemes.com/coopbank/template-credits0e99.html]
[html.iwthemes.com/coopbank/template-creditsca00.html]
[html.iwthemes.com/coopbank/template-credits2746.html]
[html.iwthemes.com/coopbank/template-creditsaf91.html]
[html.iwthemes.com/coopbank/template-creditsceb0.html]
[html.iwthemes.com/coopbank/template-credits938c.html]
[html.iwthemes.com/coopbank/template-creditsa820.html]
[html.iwthemes.com/coopbank/template-credits6788.html]
[html.iwthemes.com/coopbank/template-inversions0e99.html]
[html.iwthemes.com/coopbank/template-inversionsca00.html]
[html.iwthemes.com/coopbank/template-inversions2746.html]
[html.iwthemes.com/coopbank/template-inversionsaf91.html]
[html.iwthemes.com/coopbank/template-inversionsceb0.html]
[html.iwthemes.com/coopbank/template-inversions938c.html]
[html.iwthemes.com/coopbank/template-inversionsa820.html]
[html.iwthemes.com/coopbank/template-inversions6788.html]
[html.iwthemes.com/coopbank/template-news0e99.html]
[html.iwthemes.com/coopbank/template-newsca00.html]
[html.iwthemes.com/coopbank/template-news2746.html]
[html.iwthemes.com/coopbank/template-newsaf91.html]
[html.iwthemes.com/coopbank/template-newsceb0.html]
[html.iwthemes.com/coopbank/template-news938c.html]
[html.iwthemes.com/coopbank/template-newsa820.html]
[html.iwthemes.com/coopbank/template-news6788.html]
[html.iwthemes.com/coopbank/template-princing-tables0e99.html]
[html.iwthemes.com/coopbank/template-princing-tablesca00.html]
[html.iwthemes.com/coopbank/template-princing-tables2746.html]
[html.iwthemes.com/coopbank/template-princing-tablesaf91.html]
[html.iwthemes.com/coopbank/template-princing-tablesceb0.html]
[html.iwthemes.com/coopbank/template-princing-tables938c.html]
[html.iwthemes.com/coopbank/template-princing-tablesa820.html]
[html.iwthemes.com/coopbank/template-princing-tables6788.html]
[html.iwthemes.com/coopbank/template-blog-right0e99.html]
[html.iwthemes.com/coopbank/template-blog-rightca00.html]
[html.iwthemes.com/coopbank/template-blog-right2746.html]
[html.iwthemes.com/coopbank/template-blog-rightaf91.html]
[html.iwthemes.com/coopbank/template-blog-rightceb0.html]
[html.iwthemes.com/coopbank/template-blog-right938c.html]
[html.iwthemes.com/coopbank/template-blog-righta820.html]
[html.iwthemes.com/coopbank/template-blog-right6788.html]
[html.iwthemes.com/coopbank/template-blog-left0e99.html]
[html.iwthemes.com/coopbank/template-blog-leftca00.html]
[html.iwthemes.com/coopbank/template-blog-left2746.html]
[html.iwthemes.com/coopbank/template-blog-leftaf91.html]
[html.iwthemes.com/coopbank/template-blog-leftceb0.html]
[html.iwthemes.com/coopbank/template-blog-left938c.html]
[html.iwthemes.com/coopbank/template-blog-lefta820.html]
[html.iwthemes.com/coopbank/template-blog-left6788.html]
[html.iwthemes.com/coopbank/template-blog-full0e99.html]
[html.iwthemes.com/coopbank/template-blog-fullca00.html]
[html.iwthemes.com/coopbank/template-blog-full2746.html]
[html.iwthemes.com/coopbank/template-blog-fullaf91.html]
[html.iwthemes.com/coopbank/template-blog-fullceb0.html]
[html.iwthemes.com/coopbank/template-blog-full938c.html]
[html.iwthemes.com/coopbank/template-blog-fulla820.html]
[html.iwthemes.com/coopbank/template-blog-full6788.html]
[html.iwthemes.com/coopbank/template-blog-single0e99.html]
[html.iwthemes.com/coopbank/template-blog-singleca00.html]
[html.iwthemes.com/coopbank/template-blog-single2746.html]
[html.iwthemes.com/coopbank/template-blog-singleaf91.html]
[html.iwthemes.com/coopbank/template-blog-singleceb0.html]
[html.iwthemes.com/coopbank/template-blog-single938c.html]
[html.iwthemes.com/coopbank/template-blog-singlea820.html]
[html.iwthemes.com/coopbank/template-blog-single6788.html]
[html.iwthemes.com/coopbank/template-4040e99.html]
[html.iwthemes.com/coopbank/template-404ca00.html]
[html.iwthemes.com/coopbank/template-4042746.html]
[html.iwthemes.com/coopbank/template-404af91.html]
[html.iwthemes.com/coopbank/template-404ceb0.html]
[html.iwthemes.com/coopbank/template-404938c.html]
[html.iwthemes.com/coopbank/template-404a820.html]
[html.iwthemes.com/coopbank/template-4046788.html]
[html.iwthemes.com/coopbank/template-full-widht0e99.html]
[html.iwthemes.com/coopbank/template-full-widhtca00.html]
[html.iwthemes.com/coopbank/template-full-widht2746.html]
[html.iwthemes.com/coopbank/template-full-widhtaf91.html]
[html.iwthemes.com/coopbank/template-full-widhtceb0.html]
[html.iwthemes.com/coopbank/template-full-widht938c.html]
[html.iwthemes.com/coopbank/template-full-widhta820.html]
[html.iwthemes.com/coopbank/template-full-widht6788.html]
[html.iwthemes.com/coopbank/template-sidebar0e99.html]
[html.iwthemes.com/coopbank/template-sidebarca00.html]
[html.iwthemes.com/coopbank/template-sidebar2746.html]
[html.iwthemes.com/coopbank/template-sidebaraf91.html]
[html.iwthemes.com/coopbank/template-sidebarceb0.html]
[html.iwthemes.com/coopbank/template-sidebar938c.html]
[html.iwthemes.com/coopbank/template-sidebara820.html]
[html.iwthemes.com/coopbank/template-sidebar6788.html]
[html.iwthemes.com/coopbank/template-site-map0e99.html]
[html.iwthemes.com/coopbank/template-site-mapca00.html]
[html.iwthemes.com/coopbank/template-site-map2746.html]
[html.iwthemes.com/coopbank/template-site-mapaf91.html]
[html.iwthemes.com/coopbank/template-site-mapceb0.html]
[html.iwthemes.com/coopbank/template-site-map938c.html]
[html.iwthemes.com/coopbank/template-site-mapa820.html]
[html.iwthemes.com/coopbank/template-site-map6788.html]
[html.iwthemes.com/coopbank/hotel-index.html]
[html.iwthemes.com/coopbank/template-bg-sections0e99.html]
[html.iwthemes.com/coopbank/template-bg-sectionsca00.html]
[html.iwthemes.com/coopbank/template-bg-sections2746.html]
[html.iwthemes.com/coopbank/template-bg-sectionsaf91.html]
[html.iwthemes.com/coopbank/template-bg-sectionsceb0.html]
[html.iwthemes.com/coopbank/template-bg-sections938c.html]
[html.iwthemes.com/coopbank/template-bg-sectionsa820.html]
[html.iwthemes.com/coopbank/template-bg-sections6788.html]
[html.iwthemes.com/coopbank/template-grid0e99.html]
[html.iwthemes.com/coopbank/template-gridca00.html]
[html.iwthemes.com/coopbank/template-grid2746.html]
[html.iwthemes.com/coopbank/template-gridaf91.html]
[html.iwthemes.com/coopbank/template-gridceb0.html]
[html.iwthemes.com/coopbank/template-grid938c.html]
[html.iwthemes.com/coopbank/template-grida820.html]
[html.iwthemes.com/coopbank/template-grid6788.html]
[html.iwthemes.com/coopbank/template-typograpy0e99.html]
[html.iwthemes.com/coopbank/template-typograpyca00.html]
[html.iwthemes.com/coopbank/template-typograpy2746.html]
[html.iwthemes.com/coopbank/template-typograpyaf91.html]
[html.iwthemes.com/coopbank/template-typograpyceb0.html]
[html.iwthemes.com/coopbank/template-typograpy938c.html]
[html.iwthemes.com/coopbank/template-typograpya820.html]
[html.iwthemes.com/coopbank/template-typograpy6788.html]
[html.iwthemes.com/coopbank/feature-icons.html]
[html.iwthemes.com/coopbank/template-icons0e99.html]
[html.iwthemes.com/coopbank/template-iconsca00.html]
[html.iwthemes.com/coopbank/template-icons2746.html]
[html.iwthemes.com/coopbank/template-iconsaf91.html]
[html.iwthemes.com/coopbank/template-iconsceb0.html]
[html.iwthemes.com/coopbank/template-icons938c.html]
[html.iwthemes.com/coopbank/template-iconsa820.html]
[html.iwthemes.com/coopbank/template-icons6788.html]
[html.iwthemes.com/coopbank/template-contact0e99.html]
[html.iwthemes.com/coopbank/template-contactca00.html]
[html.iwthemes.com/coopbank/template-contact2746.html]
[html.iwthemes.com/coopbank/template-contactaf91.html]
[html.iwthemes.com/coopbank/template-contactceb0.html]
[html.iwthemes.com/coopbank/template-contact938c.html]
[html.iwthemes.com/coopbank/template-contacta820.html]
[html.iwthemes.com/coopbank/template-contact6788.html]
[html.iwthemes.com/coopbank/css/fonts/glyphicons-halflings-regular.svg]
[html.iwthemes.com/coopbank/css/carousel/owl.video.play.html]
[html.iwthemes.com/coopbank/css/fonts/fontawesome-webfont93e3.svg]
[html.iwthemes.com/coopbank/js/rs-plugin/font/revicons90c6.svg]
